{
  "user_name": "ucho456",
  "passward": "test"
}