{
  "user_name": "ucho456",
  "password": "test"
}